2025-09-03 17:10:00,433 - INFO - Starting news classifier application...
2025-09-03 17:10:00,434 - INFO - Loading vectorizer from /Users/lilachshay/fake_news_detection/models/tfidf_vectorizer.joblib
2025-09-03 17:10:00,436 - ERROR - Error loading models: No module named 'sklearn'
2025-09-03 17:10:28,287 - INFO - Starting news classifier application...
2025-09-03 17:10:28,288 - INFO - Loading vectorizer from /Users/lilachshay/fake_news_detection/models/tfidf_vectorizer.joblib
2025-09-03 17:10:28,290 - ERROR - Error loading models: No module named 'sklearn'
2025-09-03 17:11:18,095 - INFO - Starting news classifier application...
2025-09-03 17:11:18,095 - INFO - Loading vectorizer from /Users/lilachshay/fake_news_detection/models/tfidf_vectorizer.joblib
2025-09-03 17:11:18,097 - ERROR - Error loading models: No module named 'sklearn'
2025-09-04 19:27:15,992 - INFO - Starting news classifier application...
2025-09-04 19:27:15,993 - INFO - Loading vectorizer from /Users/lilachshay/fake_news_detection/models/tfidf_vectorizer.joblib
2025-09-04 19:27:35,488 - INFO - Loading naive_bayes model from /Users/lilachshay/fake_news_detection/models/naive_bayes_model.joblib
2025-09-04 19:27:35,496 - INFO - Loading logistic_regression model from /Users/lilachshay/fake_news_detection/models/logistic_regression_model.joblib
2025-09-04 19:27:37,240 - INFO - Loading decision_tree model from /Users/lilachshay/fake_news_detection/models/decision_tree_model.joblib
2025-09-04 19:27:38,016 - INFO - Loading random_forest model from /Users/lilachshay/fake_news_detection/models/random_forest_model.joblib
2025-09-04 19:27:38,017 - ERROR - Error loading models: [Errno 2] No such file or directory: '/Users/lilachshay/fake_news_detection/models/random_forest_model.joblib'
2025-09-07 21:10:16,832 - INFO - Cleaning input text...
2025-09-07 21:10:16,833 - INFO - Cleaning input text...
2025-09-07 21:10:16,833 - INFO - Vectorizing text...
2025-09-07 21:10:16,833 - ERROR - Error making prediction: 'NewsClassifier' object has no attribute 'vectorizer'
2025-09-07 22:59:25,520 - INFO - Starting classification application...
2025-09-07 22:59:25,521 - INFO - Loading vectorizer from /Users/lilachshay/fake_news_detection/models/tfidf_vectorizer.joblib
2025-09-07 22:59:26,662 - INFO - Loading naive_bayes model from /Users/lilachshay/fake_news_detection/models/naive_bayes_model.joblib
2025-09-07 22:59:26,667 - INFO - Loading logistic_regression model from /Users/lilachshay/fake_news_detection/models/logistic_regression_model.joblib
2025-09-07 22:59:26,782 - INFO - Loading decision_tree model from /Users/lilachshay/fake_news_detection/models/decision_tree_model.joblib
2025-09-07 22:59:26,831 - INFO - Loading random_forest model from /Users/lilachshay/fake_news_detection/models/random_forest_model.joblib
2025-09-07 22:59:27,062 - INFO - Loaded bot detection model from /Users/lilachshay/fake_news_detection/models/bots/random_forest_bot_detector_latest.joblib
2025-09-07 22:59:27,062 - INFO - All models loaded successfully
2025-09-13 12:14:34,182 - INFO - Starting classification application...
2025-09-13 12:14:34,182 - INFO - Loading vectorizer from /Users/lilachshay/fake_news_detection/models/tfidf_vectorizer.joblib
2025-09-13 12:14:36,521 - INFO - Loading naive_bayes model from /Users/lilachshay/fake_news_detection/models/naive_bayes_model.joblib
2025-09-13 12:14:36,529 - INFO - Loading logistic_regression model from /Users/lilachshay/fake_news_detection/models/logistic_regression_model.joblib
2025-09-13 12:14:36,888 - INFO - Loading decision_tree model from /Users/lilachshay/fake_news_detection/models/decision_tree_model.joblib
2025-09-13 12:14:37,049 - INFO - Loading random_forest model from /Users/lilachshay/fake_news_detection/models/random_forest_model.joblib
2025-09-13 12:14:37,379 - INFO - Loaded bot detection model from /Users/lilachshay/fake_news_detection/models/bots/random_forest_bot_detector_latest.joblib
2025-09-13 12:14:37,379 - INFO - All models loaded successfully
2025-09-13 12:26:02,711 - INFO - Starting classification application...
2025-09-13 12:26:02,711 - INFO - Loading vectorizer from /Users/lilachshay/fake_news_detection/models/tfidf_vectorizer.joblib
2025-09-13 12:26:04,669 - INFO - Loading naive_bayes model from /Users/lilachshay/fake_news_detection/models/naive_bayes_model.joblib
2025-09-13 12:26:04,677 - INFO - Loading logistic_regression model from /Users/lilachshay/fake_news_detection/models/logistic_regression_model.joblib
2025-09-13 12:26:04,955 - INFO - Loading decision_tree model from /Users/lilachshay/fake_news_detection/models/decision_tree_model.joblib
2025-09-13 12:26:05,070 - INFO - Loading random_forest model from /Users/lilachshay/fake_news_detection/models/random_forest_model.joblib
2025-09-13 12:26:05,403 - INFO - Loaded bot detection model from /Users/lilachshay/fake_news_detection/models/bots/random_forest_bot_detector_latest.joblib
2025-09-13 12:26:05,404 - INFO - All models loaded successfully
2025-09-13 12:52:41,072 - INFO - Starting classification application...
2025-09-13 12:52:41,072 - INFO - Loading vectorizer from /Users/lilachshay/fake_news_detection/models/tfidf_vectorizer.joblib
2025-09-13 12:52:42,697 - INFO - Loading naive_bayes model from /Users/lilachshay/fake_news_detection/models/naive_bayes_model.joblib
2025-09-13 12:52:42,704 - INFO - Loading logistic_regression model from /Users/lilachshay/fake_news_detection/models/logistic_regression_model.joblib
2025-09-13 12:52:43,031 - INFO - Loading decision_tree model from /Users/lilachshay/fake_news_detection/models/decision_tree_model.joblib
2025-09-13 12:52:43,213 - INFO - Loading random_forest model from /Users/lilachshay/fake_news_detection/models/random_forest_model.joblib
2025-09-13 12:52:43,534 - INFO - Loaded bot detection model from /Users/lilachshay/fake_news_detection/models/bots/random_forest_bot_detector_latest.joblib
2025-09-13 12:52:43,535 - INFO - All models loaded successfully
2025-09-13 12:53:22,858 - WARNING - Community score is not a number: {'account_id': '1301790704050593793', 'account_name': 'lilach', 'community_id': 21, 'predicted_label': '0', 'label_type': 'bot', 'bot_probability': 0.5, 'human_probability': 0.5, 'action': 'created_new_community', 'community_type': 'new', 'confidence': 0.5}
2025-09-13 20:14:50,994 - INFO - Starting classification application...
2025-09-13 20:14:50,995 - INFO - Loading vectorizer from /Users/lilachshay/fake_news_detection/models/tfidf_vectorizer.joblib
2025-09-13 20:14:52,230 - INFO - Loading naive_bayes model from /Users/lilachshay/fake_news_detection/models/naive_bayes_model.joblib
2025-09-13 20:14:52,238 - INFO - Loading logistic_regression model from /Users/lilachshay/fake_news_detection/models/logistic_regression_model.joblib
2025-09-13 20:14:52,458 - INFO - Loading decision_tree model from /Users/lilachshay/fake_news_detection/models/decision_tree_model.joblib
2025-09-13 20:14:52,563 - INFO - Loading random_forest model from /Users/lilachshay/fake_news_detection/models/random_forest_model.joblib
2025-09-13 20:14:52,844 - INFO - Loaded bot detection model from /Users/lilachshay/fake_news_detection/models/bots/random_forest_bot_detector_latest.joblib
2025-09-13 20:14:52,844 - INFO - All models loaded successfully
2025-09-21 11:45:45,131 - INFO - Starting classification application...
2025-09-21 11:45:45,132 - INFO - Loading vectorizer from /Users/lilachshay/fake_news_detection/models/tfidf_vectorizer.joblib
2025-09-21 11:45:45,546 - INFO - Loading naive_bayes model from /Users/lilachshay/fake_news_detection/models/naive_bayes_model.joblib
2025-09-21 11:45:45,553 - INFO - Loading logistic_regression model from /Users/lilachshay/fake_news_detection/models/logistic_regression_model.joblib
2025-09-21 11:45:45,707 - INFO - Loading decision_tree model from /Users/lilachshay/fake_news_detection/models/decision_tree_model.joblib
2025-09-21 11:45:45,826 - INFO - Loading random_forest model from /Users/lilachshay/fake_news_detection/models/random_forest_model.joblib
2025-09-21 11:45:46,118 - INFO - Loaded bot detection model from /Users/lilachshay/fake_news_detection/models/bots/random_forest_bot_detector_latest.joblib
2025-09-21 11:45:46,118 - INFO - All models loaded successfully
2025-09-21 11:47:41,790 - INFO - Starting classification application...
2025-09-21 11:47:41,790 - INFO - Loading vectorizer from /Users/lilachshay/fake_news_detection/models/tfidf_vectorizer.joblib
2025-09-21 11:47:42,109 - INFO - Loading naive_bayes model from /Users/lilachshay/fake_news_detection/models/naive_bayes_model.joblib
2025-09-21 11:47:42,112 - INFO - Loading logistic_regression model from /Users/lilachshay/fake_news_detection/models/logistic_regression_model.joblib
2025-09-21 11:47:42,181 - INFO - Loading decision_tree model from /Users/lilachshay/fake_news_detection/models/decision_tree_model.joblib
2025-09-21 11:47:42,225 - INFO - Loading random_forest model from /Users/lilachshay/fake_news_detection/models/random_forest_model.joblib
2025-09-21 11:47:42,438 - INFO - Loaded bot detection model from /Users/lilachshay/fake_news_detection/models/bots/random_forest_bot_detector_latest.joblib
2025-09-21 11:47:42,439 - INFO - All models loaded successfully
